components/IpdDashboard.tsx(766,6): error TS17008: JSX element 'div' has no corresponding closing tag.
components/IpdDashboard.tsx(881,8): error TS1381: Unexpected token. Did you mean `{'}'}` or `&rbrace;`?
components/IpdDashboard.tsx(990,4): error TS1005: '}' expected.
components/IpdDashboard.tsx(991,1): error TS1381: Unexpected token. Did you mean `{'}'}` or `&rbrace;`?
components/IpdDashboard.tsx(993,42): error TS1003: Identifier expected.
components/IpdDashboard.tsx(994,3): error TS1005: '...' expected.
components/IpdDashboard.tsx(994,18): error TS1005: '}' expected.
components/IpdDashboard.tsx(995,37): error TS17008: JSX element 'IpdAdmission' has no corresponding closing tag.
components/IpdDashboard.tsx(995,53): error TS1382: Unexpected token. Did you mean `{'>'}` or `&gt;`?
components/IpdDashboard.tsx(999,1): error TS1381: Unexpected token. Did you mean `{'}'}` or `&rbrace;`?
components/IpdDashboard.tsx(999,2): error TS1382: Unexpected token. Did you mean `{'>'}` or `&gt;`?
components/IpdDashboard.tsx(1005,1): error TS1109: Expression expected.
components/IpdDashboard.tsx(1005,5): error TS1382: Unexpected token. Did you mean `{'>'}` or `&gt;`?
components/IpdDashboard.tsx(1006,3): error TS1109: Expression expected.
components/IpdDashboard.tsx(1008,14): error TS1005: '}' expected.
components/IpdDashboard.tsx(1019,30): error TS1005: '}' expected.
components/IpdDashboard.tsx(1019,113): error TS1381: Unexpected token. Did you mean `{'}'}` or `&rbrace;`?
components/IpdDashboard.tsx(1019,131): error TS1003: Identifier expected.
components/IpdDashboard.tsx(1019,140): error TS1382: Unexpected token. Did you mean `{'>'}` or `&gt;`?
components/IpdDashboard.tsx(1020,3): error TS1381: Unexpected token. Did you mean `{'}'}` or `&rbrace;`?
components/IpdDashboard.tsx(1022,53): error TS1003: Identifier expected.
components/IpdDashboard.tsx(1022,59): error TS1382: Unexpected token. Did you mean `{'>'}` or `&gt;`?
components/IpdDashboard.tsx(1027,48): error TS1382: Unexpected token. Did you mean `{'>'}` or `&gt;`?
components/IpdDashboard.tsx(1028,28): error TS1005: '}' expected.
components/IpdDashboard.tsx(1030,7): error TS1109: Expression expected.
components/IpdDashboard.tsx(1031,28): error TS1382: Unexpected token. Did you mean `{'>'}` or `&gt;`?
components/IpdDashboard.tsx(1031,42): error TS1109: Expression expected.
components/IpdDashboard.tsx(1031,55): error TS1381: Unexpected token. Did you mean `{'}'}` or `&rbrace;`?
components/IpdDashboard.tsx(1032,5): error TS1381: Unexpected token. Did you mean `{'}'}` or `&rbrace;`?
components/IpdDashboard.tsx(1033,37): error TS1005: '}' expected.
components/IpdDashboard.tsx(1034,5): error TS1381: Unexpected token. Did you mean `{'}'}` or `&rbrace;`?
components/IpdDashboard.tsx(1035,31): error TS1005: '}' expected.
components/IpdDashboard.tsx(1036,5): error TS1381: Unexpected token. Did you mean `{'}'}` or `&rbrace;`?
components/IpdDashboard.tsx(1037,3): error TS1381: Unexpected token. Did you mean `{'}'}` or `&rbrace;`?
components/IpdDashboard.tsx(1039,29): error TS1005: '}' expected.
components/IpdDashboard.tsx(1039,42): error TS1381: Unexpected token. Did you mean `{'}'}` or `&rbrace;`?
components/IpdDashboard.tsx(1039,70): error TS1382: Unexpected token. Did you mean `{'>'}` or `&gt;`?
components/IpdDashboard.tsx(1043,31): error TS1382: Unexpected token. Did you mean `{'>'}` or `&gt;`?
components/IpdDashboard.tsx(1044,9): error TS1005: '}' expected.
components/IpdDashboard.tsx(1046,9): error TS1005: '}' expected.
components/IpdDashboard.tsx(1061,11): error TS1005: '}' expected.
components/IpdDashboard.tsx(1066,7): error TS1381: Unexpected token. Did you mean `{'}'}` or `&rbrace;`?
components/IpdDashboard.tsx(1067,5): error TS1381: Unexpected token. Did you mean `{'}'}` or `&rbrace;`?
components/IpdDashboard.tsx(1071,8): error TS1005: '}' expected.
components/IpdDashboard.tsx(1073,5): error TS1381: Unexpected token. Did you mean `{'}'}` or `&rbrace;`?
components/IpdDashboard.tsx(1074,51): error TS1005: '}' expected.
components/IpdDashboard.tsx(1075,5): error TS1381: Unexpected token. Did you mean `{'}'}` or `&rbrace;`?
components/IpdDashboard.tsx(1076,35): error TS1005: '}' expected.
components/IpdDashboard.tsx(1076,51): error TS1381: Unexpected token. Did you mean `{'}'}` or `&rbrace;`?
components/IpdDashboard.tsx(1078,16): error TS1005: '}' expected.
components/IpdDashboard.tsx(1089,32): error TS1005: '}' expected.
components/IpdDashboard.tsx(1089,115): error TS1381: Unexpected token. Did you mean `{'}'}` or `&rbrace;`?
components/IpdDashboard.tsx(1089,133): error TS1003: Identifier expected.
components/IpdDashboard.tsx(1089,142): error TS1382: Unexpected token. Did you mean `{'>'}` or `&gt;`?
components/IpdDashboard.tsx(1090,5): error TS1381: Unexpected token. Did you mean `{'}'}` or `&rbrace;`?
components/IpdDashboard.tsx(1091,3): error TS1381: Unexpected token. Did you mean `{'}'}` or `&rbrace;`?
components/IpdDashboard.tsx(1093,50): error TS1382: Unexpected token. Did you mean `{'>'}` or `&gt;`?
components/IpdDashboard.tsx(1107,7): error TS1005: '}' expected.
components/IpdDashboard.tsx(1111,34): error TS1005: '}' expected.
components/IpdDashboard.tsx(1111,45): error TS1381: Unexpected token. Did you mean `{'}'}` or `&rbrace;`?
components/IpdDashboard.tsx(1112,3): error TS1381: Unexpected token. Did you mean `{'}'}` or `&rbrace;`?
components/IpdDashboard.tsx(1114,43): error TS1382: Unexpected token. Did you mean `{'>'}` or `&gt;`?
components/IpdDashboard.tsx(1115,5): error TS1109: Expression expected.
components/IpdDashboard.tsx(1116,7): error TS1109: Expression expected.
components/IpdDashboard.tsx(1116,62): error TS1382: Unexpected token. Did you mean `{'>'}` or `&gt;`?
components/IpdDashboard.tsx(1117,37): error TS1005: '}' expected.
components/IpdDashboard.tsx(1117,47): error TS1381: Unexpected token. Did you mean `{'}'}` or `&rbrace;`?
components/IpdDashboard.tsx(1118,5): error TS1381: Unexpected token. Did you mean `{'}'}` or `&rbrace;`?
components/IpdDashboard.tsx(1119,3): error TS1381: Unexpected token. Did you mean `{'}'}` or `&rbrace;`?
components/IpdDashboard.tsx(1121,57): error TS17008: JSX element 'HTMLInputElement' has no corresponding closing tag.
components/IpdDashboard.tsx(1121,77): error TS1382: Unexpected token. Did you mean `{'>'}` or `&gt;`?
components/IpdDashboard.tsx(1122,5): error TS1109: Expression expected.
components/IpdDashboard.tsx(1125,7): error TS1109: Expression expected.
components/IpdDashboard.tsx(1126,40): error TS17008: JSX element 'string' has no corresponding closing tag.
components/IpdDashboard.tsx(1126,59): error TS1382: Unexpected token. Did you mean `{'>'}` or `&gt;`?
components/IpdDashboard.tsx(1127,9): error TS1109: Expression expected.
components/IpdDashboard.tsx(1128,31): error TS1382: Unexpected token. Did you mean `{'>'}` or `&gt;`?
components/IpdDashboard.tsx(1131,7): error TS1381: Unexpected token. Did you mean `{'}'}` or `&rbrace;`?
components/IpdDashboard.tsx(1133,28): error TS1382: Unexpected token. Did you mean `{'>'}` or `&gt;`?
components/IpdDashboard.tsx(1135,11): error TS1005: '}' expected.
components/IpdDashboard.tsx(1139,7): error TS1381: Unexpected token. Did you mean `{'}'}` or `&rbrace;`?
components/IpdDashboard.tsx(1141,5): error TS1381: Unexpected token. Did you mean `{'}'}` or `&rbrace;`?
components/IpdDashboard.tsx(1142,39): error TS1005: '}' expected.
components/IpdDashboard.tsx(1143,5): error TS1381: Unexpected token. Did you mean `{'}'}` or `&rbrace;`?
components/IpdDashboard.tsx(1144,27): error TS1005: '}' expected.
components/IpdDashboard.tsx(1145,5): error TS1381: Unexpected token. Did you mean `{'}'}` or `&rbrace;`?
components/IpdDashboard.tsx(1146,3): error TS1381: Unexpected token. Did you mean `{'}'}` or `&rbrace;`?
components/IpdDashboard.tsx(1148,30): error TS1382: Unexpected token. Did you mean `{'>'}` or `&gt;`?
components/IpdDashboard.tsx(1149,5): error TS1109: Expression expected.
components/IpdDashboard.tsx(1152,15): error TS1382: Unexpected token. Did you mean `{'>'}` or `&gt;`?
components/IpdDashboard.tsx(1157,17): error TS1382: Unexpected token. Did you mean `{'>'}` or `&gt;`?
components/IpdDashboard.tsx(1160,52): error TS17008: JSX element 'br' has no corresponding closing tag.
components/IpdDashboard.tsx(1172,80): error TS17008: JSX element 'br' has no corresponding closing tag.
components/IpdDashboard.tsx(1175,49): error TS17008: JSX element 'br' has no corresponding closing tag.
components/IpdDashboard.tsx(1183,72): error TS1005: '}' expected.
components/IpdDashboard.tsx(1183,92): error TS1381: Unexpected token. Did you mean `{'}'}` or `&rbrace;`?
components/IpdDashboard.tsx(1183,112): error TS1005: '}' expected.
components/IpdDashboard.tsx(1183,143): error TS1381: Unexpected token. Did you mean `{'}'}` or `&rbrace;`?
components/IpdDashboard.tsx(1183,160): error TS1005: '}' expected.
components/IpdDashboard.tsx(1183,250): error TS1381: Unexpected token. Did you mean `{'}'}` or `&rbrace;`?
components/IpdDashboard.tsx(1183,277): error TS1005: '}' expected.
components/IpdDashboard.tsx(1183,359): error TS1381: Unexpected token. Did you mean `{'}'}` or `&rbrace;`?
components/IpdDashboard.tsx(1183,375): error TS1005: '}' expected.
components/IpdDashboard.tsx(1183,450): error TS1381: Unexpected token. Did you mean `{'}'}` or `&rbrace;`?
components/IpdDashboard.tsx(1183,466): error TS1005: '}' expected.
components/IpdDashboard.tsx(1183,520): error TS1381: Unexpected token. Did you mean `{'}'}` or `&rbrace;`?
components/IpdDashboard.tsx(1183,536): error TS1005: '}' expected.
components/IpdDashboard.tsx(1183,563): error TS1381: Unexpected token. Did you mean `{'}'}` or `&rbrace;`?
components/IpdDashboard.tsx(1183,587): error TS1005: '}' expected.
components/IpdDashboard.tsx(1183,655): error TS1381: Unexpected token. Did you mean `{'}'}` or `&rbrace;`?
components/IpdDashboard.tsx(1183,677): error TS1005: '}' expected.
components/IpdDashboard.tsx(1183,764): error TS1381: Unexpected token. Did you mean `{'}'}` or `&rbrace;`?
components/IpdDashboard.tsx(1183,790): error TS1005: '}' expected.
components/IpdDashboard.tsx(1183,817): error TS1381: Unexpected token. Did you mean `{'}'}` or `&rbrace;`?
components/IpdDashboard.tsx(1183,1272): error TS1382: Unexpected token. Did you mean `{'>'}` or `&gt;`?
components/IpdDashboard.tsx(1183,1290): error TS1005: '}' expected.
components/IpdDashboard.tsx(1183,1308): error TS1381: Unexpected token. Did you mean `{'}'}` or `&rbrace;`?
components/IpdDashboard.tsx(1186,3): error TS1381: Unexpected token. Did you mean `{'}'}` or `&rbrace;`?
components/IpdDashboard.tsx(1191,3): error TS1109: Expression expected.
components/IpdDashboard.tsx(1192,9): error TS1005: '}' expected.
components/IpdDashboard.tsx(1194,3): error TS1381: Unexpected token. Did you mean `{'}'}` or `&rbrace;`?
components/IpdDashboard.tsx(1194,7): error TS1382: Unexpected token. Did you mean `{'>'}` or `&gt;`?
components/IpdDashboard.tsx(1611,1): error TS1381: Unexpected token. Did you mean `{'}'}` or `&rbrace;`?
components/IpdDashboard.tsx(1614,45): error TS1003: Identifier expected.
components/IpdDashboard.tsx(1615,3): error TS1005: '...' expected.
components/IpdDashboard.tsx(1615,18): error TS1005: '}' expected.
components/IpdDashboard.tsx(1616,37): error TS17008: JSX element 'IpdAdmission' has no corresponding closing tag.
components/IpdDashboard.tsx(1616,53): error TS1382: Unexpected token. Did you mean `{'>'}` or `&gt;`?
components/IpdDashboard.tsx(1617,1): error TS1381: Unexpected token. Did you mean `{'}'}` or `&rbrace;`?
components/IpdDashboard.tsx(1617,2): error TS1382: Unexpected token. Did you mean `{'>'}` or `&gt;`?
components/IpdDashboard.tsx(1617,48): error TS1382: Unexpected token. Did you mean `{'>'}` or `&gt;`?
components/IpdDashboard.tsx(1618,3): error TS1109: Expression expected.
components/IpdDashboard.tsx(1619,38): error TS17008: JSX element 'Partial' has no corresponding closing tag.
components/IpdDashboard.tsx(1620,21): error TS1005: '}' expected.
components/IpdDashboard.tsx(1628,20): error TS1005: '}' expected.
components/IpdDashboard.tsx(1628,43): error TS1381: Unexpected token. Did you mean `{'}'}` or `&rbrace;`?
components/IpdDashboard.tsx(1629,21): error TS1005: '}' expected.
components/IpdDashboard.tsx(1629,51): error TS1381: Unexpected token. Did you mean `{'}'}` or `&rbrace;`?
components/IpdDashboard.tsx(1630,3): error TS1381: Unexpected token. Did you mean `{'}'}` or `&rbrace;`?
components/IpdDashboard.tsx(1634,18): error TS1005: '}' expected.
components/IpdDashboard.tsx(1640,3): error TS1381: Unexpected token. Did you mean `{'}'}` or `&rbrace;`?
components/IpdDashboard.tsx(1643,25): error TS1382: Unexpected token. Did you mean `{'>'}` or `&gt;`?
components/IpdDashboard.tsx(1644,5): error TS1109: Expression expected.
components/IpdDashboard.tsx(1645,9): error TS1005: '}' expected.
components/IpdDashboard.tsx(1655,38): error TS1005: '}' expected.
components/IpdDashboard.tsx(1655,61): error TS1381: Unexpected token. Did you mean `{'}'}` or `&rbrace;`?
components/IpdDashboard.tsx(1656,38): error TS1005: '}' expected.
components/IpdDashboard.tsx(1656,68): error TS1381: Unexpected token. Did you mean `{'}'}` or `&rbrace;`?
components/IpdDashboard.tsx(1657,5): error TS1381: Unexpected token. Did you mean `{'}'}` or `&rbrace;`?
components/IpdDashboard.tsx(1659,39): error TS1005: '}' expected.
components/IpdDashboard.tsx(1659,49): error TS1381: Unexpected token. Did you mean `{'}'}` or `&rbrace;`?
components/IpdDashboard.tsx(1660,32): error TS1005: '}' expected.
components/IpdDashboard.tsx(1660,168): error TS1005: '}' expected.
components/IpdDashboard.tsx(1660,191): error TS1381: Unexpected token. Did you mean `{'}'}` or `&rbrace;`?
components/IpdDashboard.tsx(1660,210): error TS1005: '}' expected.
components/IpdDashboard.tsx(1660,240): error TS1381: Unexpected token. Did you mean `{'}'}` or `&rbrace;`?
components/IpdDashboard.tsx(1660,242): error TS1381: Unexpected token. Did you mean `{'}'}` or `&rbrace;`?
components/IpdDashboard.tsx(1661,3): error TS1381: Unexpected token. Did you mean `{'}'}` or `&rbrace;`?
components/IpdDashboard.tsx(1663,38): error TS1382: Unexpected token. Did you mean `{'>'}` or `&gt;`?
components/IpdDashboard.tsx(1664,26): error TS1005: '}' expected.
components/IpdDashboard.tsx(1666,9): error TS1109: Expression expected.
components/IpdDashboard.tsx(1675,43): error TS1005: '}' expected.
components/IpdDashboard.tsx(1675,55): error TS1381: Unexpected token. Did you mean `{'}'}` or `&rbrace;`?
components/IpdDashboard.tsx(1677,5): error TS1381: Unexpected token. Did you mean `{'}'}` or `&rbrace;`?
components/IpdDashboard.tsx(1678,50): error TS1005: '}' expected.
components/IpdDashboard.tsx(1679,5): error TS1381: Unexpected token. Did you mean `{'}'}` or `&rbrace;`?
components/IpdDashboard.tsx(1680,31): error TS1005: '}' expected.
components/IpdDashboard.tsx(1681,5): error TS1381: Unexpected token. Did you mean `{'}'}` or `&rbrace;`?
components/IpdDashboard.tsx(1682,3): error TS1381: Unexpected token. Did you mean `{'}'}` or `&rbrace;`?
components/IpdDashboard.tsx(1684,27): error TS1382: Unexpected token. Did you mean `{'>'}` or `&gt;`?
components/IpdDashboard.tsx(1685,5): error TS1109: Expression expected.
components/IpdDashboard.tsx(1688,76): error TS1005: '}' expected.
components/IpdDashboard.tsx(1688,128): error TS1381: Unexpected token. Did you mean `{'}'}` or `&rbrace;`?
components/IpdDashboard.tsx(1688,145): error TS1005: '}' expected.
components/IpdDashboard.tsx(1688,195): error TS1381: Unexpected token. Did you mean `{'}'}` or `&rbrace;`?
components/IpdDashboard.tsx(1723,3): error TS1381: Unexpected token. Did you mean `{'}'}` or `&rbrace;`?
components/IpdDashboard.tsx(1882,1): error TS1381: Unexpected token. Did you mean `{'}'}` or `&rbrace;`?
components/IpdDashboard.tsx(1884,45): error TS1003: Identifier expected.
components/IpdDashboard.tsx(1885,3): error TS1005: '...' expected.
components/IpdDashboard.tsx(1885,18): error TS1005: '}' expected.
components/IpdDashboard.tsx(1886,37): error TS17008: JSX element 'IpdAdmission' has no corresponding closing tag.
components/IpdDashboard.tsx(1886,53): error TS1382: Unexpected token. Did you mean `{'>'}` or `&gt;`?
components/IpdDashboard.tsx(1889,1): error TS1381: Unexpected token. Did you mean `{'}'}` or `&rbrace;`?
components/IpdDashboard.tsx(1889,2): error TS1382: Unexpected token. Did you mean `{'>'}` or `&gt;`?
components/IpdDashboard.tsx(1889,80): error TS1382: Unexpected token. Did you mean `{'>'}` or `&gt;`?
components/IpdDashboard.tsx(1890,3): error TS1109: Expression expected.
components/IpdDashboard.tsx(1891,52): error TS17008: JSX element 'Record' has no corresponding closing tag.
components/IpdDashboard.tsx(1893,44): error TS1382: Unexpected token. Did you mean `{'>'}` or `&gt;`?
components/IpdDashboard.tsx(1894,5): error TS1109: Expression expected.
components/IpdDashboard.tsx(1896,34): error TS1382: Unexpected token. Did you mean `{'>'}` or `&gt;`?
components/IpdDashboard.tsx(1897,7): error TS1109: Expression expected.
components/IpdDashboard.tsx(1907,11): error TS1005: '}' expected.
components/IpdDashboard.tsx(1908,7): error TS1381: Unexpected token. Did you mean `{'}'}` or `&rbrace;`?
components/IpdDashboard.tsx(1909,5): error TS1381: Unexpected token. Did you mean `{'}'}` or `&rbrace;`?
components/IpdDashboard.tsx(1911,3): error TS1381: Unexpected token. Did you mean `{'}'}` or `&rbrace;`?
components/IpdDashboard.tsx(1913,36): error TS17008: JSX element 'Partial' has no corresponding closing tag.
components/IpdDashboard.tsx(1914,18): error TS1005: '}' expected.
components/IpdDashboard.tsx(1933,10): error TS1005: '}' expected.
components/IpdDashboard.tsx(1941,5): error TS1381: Unexpected token. Did you mean `{'}'}` or `&rbrace;`?
components/IpdDashboard.tsx(1942,3): error TS1381: Unexpected token. Did you mean `{'}'}` or `&rbrace;`?
components/IpdDashboard.tsx(1943,61): error TS1003: Identifier expected.
components/IpdDashboard.tsx(1943,67): error TS1382: Unexpected token. Did you mean `{'>'}` or `&gt;`?
components/IpdDashboard.tsx(1947,48): error TS1382: Unexpected token. Did you mean `{'>'}` or `&gt;`?
components/IpdDashboard.tsx(1948,28): error TS1005: '}' expected.
components/IpdDashboard.tsx(1950,7): error TS1109: Expression expected.
components/IpdDashboard.tsx(1951,23): error TS1382: Unexpected token. Did you mean `{'>'}` or `&gt;`?
components/IpdDashboard.tsx(1951,37): error TS1109: Expression expected.
components/IpdDashboard.tsx(1951,50): error TS1381: Unexpected token. Did you mean `{'}'}` or `&rbrace;`?
components/IpdDashboard.tsx(1952,5): error TS1381: Unexpected token. Did you mean `{'}'}` or `&rbrace;`?
components/IpdDashboard.tsx(1953,37): error TS1005: '}' expected.
components/IpdDashboard.tsx(1954,5): error TS1381: Unexpected token. Did you mean `{'}'}` or `&rbrace;`?
components/IpdDashboard.tsx(1955,31): error TS1005: '}' expected.
components/IpdDashboard.tsx(1956,5): error TS1381: Unexpected token. Did you mean `{'}'}` or `&rbrace;`?
components/IpdDashboard.tsx(1957,3): error TS1381: Unexpected token. Did you mean `{'}'}` or `&rbrace;`?
components/IpdDashboard.tsx(1958,29): error TS1005: '}' expected.
components/IpdDashboard.tsx(1958,42): error TS1381: Unexpected token. Did you mean `{'}'}` or `&rbrace;`?
components/IpdDashboard.tsx(1958,70): error TS1382: Unexpected token. Did you mean `{'>'}` or `&gt;`?
components/IpdDashboard.tsx(1962,26): error TS1382: Unexpected token. Did you mean `{'>'}` or `&gt;`?
components/IpdDashboard.tsx(1964,9): error TS1005: '}' expected.
components/IpdDashboard.tsx(1969,7): error TS1109: Expression expected.
components/IpdDashboard.tsx(1970,14): error TS1382: Unexpected token. Did you mean `{'>'}` or `&gt;`?
components/IpdDashboard.tsx(1979,11): error TS1005: '}' expected.
components/IpdDashboard.tsx(1981,7): error TS1381: Unexpected token. Did you mean `{'}'}` or `&rbrace;`?
components/IpdDashboard.tsx(1984,14): error TS1382: Unexpected token. Did you mean `{'>'}` or `&gt;`?
components/IpdDashboard.tsx(1993,11): error TS1005: '}' expected.
components/IpdDashboard.tsx(1995,7): error TS1381: Unexpected token. Did you mean `{'}'}` or `&rbrace;`?
components/IpdDashboard.tsx(1996,5): error TS1381: Unexpected token. Did you mean `{'}'}` or `&rbrace;`?
components/IpdDashboard.tsx(1999,9): error TS1005: '}' expected.
components/IpdDashboard.tsx(2022,12): error TS1005: '}' expected.
components/IpdDashboard.tsx(2030,7): error TS1381: Unexpected token. Did you mean `{'}'}` or `&rbrace;`?
components/IpdDashboard.tsx(2033,5): error TS1381: Unexpected token. Did you mean `{'}'}` or `&rbrace;`?
components/IpdDashboard.tsx(2039,8): error TS1005: '}' expected.
components/IpdDashboard.tsx(2040,5): error TS1381: Unexpected token. Did you mean `{'}'}` or `&rbrace;`?
components/IpdDashboard.tsx(2041,33): error TS1005: '}' expected.
components/IpdDashboard.tsx(2042,5): error TS1381: Unexpected token. Did you mean `{'}'}` or `&rbrace;`?
components/IpdDashboard.tsx(2064,8): error TS1005: '}' expected.
components/IpdDashboard.tsx(2065,5): error TS1381: Unexpected token. Did you mean `{'}'}` or `&rbrace;`?
components/IpdDashboard.tsx(2068,21): error TS1005: '}' expected.
components/IpdDashboard.tsx(2072,5): error TS1381: Unexpected token. Did you mean `{'}'}` or `&rbrace;`?
components/IpdDashboard.tsx(2074,20): error TS1382: Unexpected token. Did you mean `{'>'}` or `&gt;`?
components/IpdDashboard.tsx(2078,20): error TS1005: '}' expected.
components/IpdDashboard.tsx(2097,12): error TS1005: '}' expected.
components/IpdDashboard.tsx(2105,7): error TS1381: Unexpected token. Did you mean `{'}'}` or `&rbrace;`?
components/IpdDashboard.tsx(2106,5): error TS1381: Unexpected token. Did you mean `{'}'}` or `&rbrace;`?
components/IpdDashboard.tsx(2110,3): error TS1381: Unexpected token. Did you mean `{'}'}` or `&rbrace;`?
components/IpdDashboard.tsx(2112,46): error TS1382: Unexpected token. Did you mean `{'>'}` or `&gt;`?
components/IpdDashboard.tsx(2113,15): error TS1005: '}' expected.
components/IpdDashboard.tsx(2124,17): error TS1382: Unexpected token. Did you mean `{'>'}` or `&gt;`?
components/IpdDashboard.tsx(2126,3): error TS1381: Unexpected token. Did you mean `{'}'}` or `&rbrace;`?
components/IpdDashboard.tsx(2128,38): error TS1382: Unexpected token. Did you mean `{'>'}` or `&gt;`?
components/IpdDashboard.tsx(2129,5): error TS1109: Expression expected.
components/IpdDashboard.tsx(2134,9): error TS1005: '}' expected.
components/IpdDashboard.tsx(2135,5): error TS1381: Unexpected token. Did you mean `{'}'}` or `&rbrace;`?
components/IpdDashboard.tsx(2136,3): error TS1381: Unexpected token. Did you mean `{'}'}` or `&rbrace;`?
components/IpdDashboard.tsx(2138,47): error TS1382: Unexpected token. Did you mean `{'>'}` or `&gt;`?
components/IpdDashboard.tsx(2139,5): error TS1109: Expression expected.
components/IpdDashboard.tsx(2142,34): error TS1382: Unexpected token. Did you mean `{'>'}` or `&gt;`?
components/IpdDashboard.tsx(2143,7): error TS1109: Expression expected.
components/IpdDashboard.tsx(2146,5): error TS1381: Unexpected token. Did you mean `{'}'}` or `&rbrace;`?
components/IpdDashboard.tsx(2174,20): error TS1005: '}' expected.
components/IpdDashboard.tsx(2175,5): error TS1381: Unexpected token. Did you mean `{'}'}` or `&rbrace;`?
components/IpdDashboard.tsx(2179,11): error TS1005: '}' expected.
components/IpdDashboard.tsx(2187,5): error TS1381: Unexpected token. Did you mean `{'}'}` or `&rbrace;`?
components/IpdDashboard.tsx(2191,11): error TS1005: '}' expected.
components/IpdDashboard.tsx(2199,151): error TS1005: '}' expected.
components/IpdDashboard.tsx(2200,7): error TS1381: Unexpected token. Did you mean `{'}'}` or `&rbrace;`?
components/IpdDashboard.tsx(2201,28): error TS1382: Unexpected token. Did you mean `{'>'}` or `&gt;`?
components/IpdDashboard.tsx(2208,20): error TS1005: '}' expected.
components/IpdDashboard.tsx(2209,7): error TS1381: Unexpected token. Did you mean `{'}'}` or `&rbrace;`?
components/IpdDashboard.tsx(2210,5): error TS1381: Unexpected token. Did you mean `{'}'}` or `&rbrace;`?
components/IpdDashboard.tsx(2218,20): error TS1005: '}' expected.
components/IpdDashboard.tsx(2219,5): error TS1381: Unexpected token. Did you mean `{'}'}` or `&rbrace;`?
components/IpdDashboard.tsx(2244,3): error TS1381: Unexpected token. Did you mean `{'}'}` or `&rbrace;`?
components/IpdDashboard.tsx(2767,1): error TS1381: Unexpected token. Did you mean `{'}'}` or `&rbrace;`?
components/IpdDashboard.tsx(2769,47): error TS1003: Identifier expected.
components/IpdDashboard.tsx(2770,3): error TS1005: '...' expected.
components/IpdDashboard.tsx(2770,18): error TS1005: '}' expected.
components/IpdDashboard.tsx(2771,37): error TS17008: JSX element 'IpdAdmission' has no corresponding closing tag.
components/IpdDashboard.tsx(2771,53): error TS1382: Unexpected token. Did you mean `{'>'}` or `&gt;`?
components/IpdDashboard.tsx(2774,1): error TS1381: Unexpected token. Did you mean `{'}'}` or `&rbrace;`?
components/IpdDashboard.tsx(2774,2): error TS1382: Unexpected token. Did you mean `{'>'}` or `&gt;`?
components/IpdDashboard.tsx(2774,75): error TS1382: Unexpected token. Did you mean `{'>'}` or `&gt;`?
components/IpdDashboard.tsx(2776,3): error TS1109: Expression expected.
components/IpdDashboard.tsx(2776,42): error TS17008: JSX element 'IpdDischargeSummary' has no corresponding closing tag.
components/IpdDashboard.tsx(2778,20): error TS1005: '}' expected.
components/IpdDashboard.tsx(2793,15): error TS1005: '}' expected.
components/IpdDashboard.tsx(2798,7): error TS1381: Unexpected token. Did you mean `{'}'}` or `&rbrace;`?
components/IpdDashboard.tsx(2805,5): error TS1381: Unexpected token. Did you mean `{'}'}` or `&rbrace;`?
components/IpdDashboard.tsx(2808,17): error TS1382: Unexpected token. Did you mean `{'>'}` or `&gt;`?
components/IpdDashboard.tsx(2810,9): error TS1005: '}' expected.
components/IpdDashboard.tsx(2817,45): error TS1382: Unexpected token. Did you mean `{'>'}` or `&gt;`?
components/IpdDashboard.tsx(2819,7): error TS1109: Expression expected.
components/IpdDashboard.tsx(2822,45): error TS1005: '}' expected.
components/IpdDashboard.tsx(2823,7): error TS1381: Unexpected token. Did you mean `{'}'}` or `&rbrace;`?
components/IpdDashboard.tsx(2825,5): error TS1381: Unexpected token. Did you mean `{'}'}` or `&rbrace;`?
components/IpdDashboard.tsx(2831,41): error TS1382: Unexpected token. Did you mean `{'>'}` or `&gt;`?
components/IpdDashboard.tsx(2833,7): error TS1109: Expression expected.
components/IpdDashboard.tsx(2833,42): error TS1003: Identifier expected.
components/IpdDashboard.tsx(2833,48): error TS17008: JSX element 'string' has no corresponding closing tag.
components/IpdDashboard.tsx(2833,55): error TS1382: Unexpected token. Did you mean `{'>'}` or `&gt;`?
components/IpdDashboard.tsx(2834,50): error TS1382: Unexpected token. Did you mean `{'>'}` or `&gt;`?
components/IpdDashboard.tsx(2835,9): error TS1109: Expression expected.
components/IpdDashboard.tsx(2849,13): error TS1005: '}' expected.
components/IpdDashboard.tsx(2850,9): error TS1381: Unexpected token. Did you mean `{'}'}` or `&rbrace;`?
components/IpdDashboard.tsx(2851,7): error TS1381: Unexpected token. Did you mean `{'}'}` or `&rbrace;`?
components/IpdDashboard.tsx(2854,27): error TS1382: Unexpected token. Did you mean `{'>'}` or `&gt;`?
components/IpdDashboard.tsx(2859,5): error TS1381: Unexpected token. Did you mean `{'}'}` or `&rbrace;`?
components/IpdDashboard.tsx(2862,3): error TS1381: Unexpected token. Did you mean `{'}'}` or `&rbrace;`?
components/IpdDashboard.tsx(2864,26): error TS1382: Unexpected token. Did you mean `{'>'}` or `&gt;`?
components/IpdDashboard.tsx(2865,53): error TS1005: '}' expected.
components/IpdDashboard.tsx(2867,3): error TS1381: Unexpected token. Did you mean `{'}'}` or `&rbrace;`?
components/IpdDashboard.tsx(2871,40): error TS1382: Unexpected token. Did you mean `{'>'}` or `&gt;`?
components/IpdDashboard.tsx(2872,5): error TS1109: Expression expected.
components/IpdDashboard.tsx(2882,39): error TS1005: '}' expected.
components/IpdDashboard.tsx(2882,136): error TS1381: Unexpected token. Did you mean `{'}'}` or `&rbrace;`?
components/IpdDashboard.tsx(2883,36): error TS1005: '}' expected.
components/IpdDashboard.tsx(2883,103): error TS1381: Unexpected token. Did you mean `{'}'}` or `&rbrace;`?
components/IpdDashboard.tsx(2884,42): error TS1005: '}' expected.
components/IpdDashboard.tsx(2884,115): error TS1381: Unexpected token. Did you mean `{'}'}` or `&rbrace;`?
components/IpdDashboard.tsx(2885,46): error TS1005: '}' expected.
components/IpdDashboard.tsx(2885,85): error TS1381: Unexpected token. Did you mean `{'}'}` or `&rbrace;`?
components/IpdDashboard.tsx(2886,48): error TS1005: '}' expected.
components/IpdDashboard.tsx(2886,95): error TS1381: Unexpected token. Did you mean `{'}'}` or `&rbrace;`?
components/IpdDashboard.tsx(2888,45): error TS1005: '}' expected.
components/IpdDashboard.tsx(2888,80): error TS1381: Unexpected token. Did you mean `{'}'}` or `&rbrace;`?
components/IpdDashboard.tsx(2889,55): error TS1005: '}' expected.
components/IpdDashboard.tsx(2889,183): error TS1381: Unexpected token. Did you mean `{'}'}` or `&rbrace;`?
components/IpdDashboard.tsx(2890,47): error TS1005: '}' expected.
components/IpdDashboard.tsx(2890,117): error TS1381: Unexpected token. Did you mean `{'}'}` or `&rbrace;`?
components/IpdDashboard.tsx(2892,38): error TS1005: '}' expected.
components/IpdDashboard.tsx(2892,112): error TS1381: Unexpected token. Did you mean `{'}'}` or `&rbrace;`?
components/IpdDashboard.tsx(2893,41): error TS1005: '}' expected.
components/IpdDashboard.tsx(2893,79): error TS1381: Unexpected token. Did you mean `{'}'}` or `&rbrace;`?
components/IpdDashboard.tsx(2894,57): error TS1005: '}' expected.
components/IpdDashboard.tsx(2894,65): error TS1381: Unexpected token. Did you mean `{'}'}` or `&rbrace;`?
components/IpdDashboard.tsx(2896,41): error TS1005: '}' expected.
components/IpdDashboard.tsx(2896,104): error TS1381: Unexpected token. Did you mean `{'}'}` or `&rbrace;`?
components/IpdDashboard.tsx(2897,39): error TS1005: '}' expected.
components/IpdDashboard.tsx(2897,48): error TS1381: Unexpected token. Did you mean `{'}'}` or `&rbrace;`?
components/IpdDashboard.tsx(2900,30): error TS1005: '}' expected.
components/IpdDashboard.tsx(2900,39): error TS1005: '}' expected.
components/IpdDashboard.tsx(2900,55): error TS1381: Unexpected token. Did you mean `{'}'}` or `&rbrace;`?
components/IpdDashboard.tsx(2901,57): error TS1005: '}' expected.
components/IpdDashboard.tsx(2901,114): error TS1381: Unexpected token. Did you mean `{'}'}` or `&rbrace;`?
components/IpdDashboard.tsx(2902,59): error TS1005: '}' expected.
components/IpdDashboard.tsx(2902,116): error TS1381: Unexpected token. Did you mean `{'}'}` or `&rbrace;`?
components/IpdDashboard.tsx(2903,21): error TS1381: Unexpected token. Did you mean `{'}'}` or `&rbrace;`?
components/IpdDashboard.tsx(3009,3): error TS1381: Unexpected token. Did you mean `{'}'}` or `&rbrace;`?
components/IpdDashboard.tsx(3326,1): error TS1381: Unexpected token. Did you mean `{'}'}` or `&rbrace;`?
components/IpdDashboard.tsx(3328,41): error TS1003: Identifier expected.
components/IpdDashboard.tsx(3329,3): error TS1005: '...' expected.
components/IpdDashboard.tsx(3329,18): error TS1005: '}' expected.
components/IpdDashboard.tsx(3330,37): error TS17008: JSX element 'IpdAdmission' has no corresponding closing tag.
components/IpdDashboard.tsx(3330,53): error TS1382: Unexpected token. Did you mean `{'>'}` or `&gt;`?
components/IpdDashboard.tsx(3333,1): error TS1381: Unexpected token. Did you mean `{'}'}` or `&rbrace;`?
components/IpdDashboard.tsx(3333,2): error TS1382: Unexpected token. Did you mean `{'>'}` or `&gt;`?
components/IpdDashboard.tsx(3338,1): error TS1109: Expression expected.
components/IpdDashboard.tsx(3338,5): error TS1382: Unexpected token. Did you mean `{'>'}` or `&gt;`?
components/IpdDashboard.tsx(3339,3): error TS1109: Expression expected.
components/IpdDashboard.tsx(3345,41): error TS1382: Unexpected token. Did you mean `{'>'}` or `&gt;`?
components/IpdDashboard.tsx(3346,21): error TS1005: '}' expected.
components/IpdDashboard.tsx(3348,17): error TS1382: Unexpected token. Did you mean `{'>'}` or `&gt;`?
components/IpdDashboard.tsx(3351,33): error TS1005: '}' expected.
components/IpdDashboard.tsx(3351,70): error TS1381: Unexpected token. Did you mean `{'}'}` or `&rbrace;`?
components/IpdDashboard.tsx(3352,3): error TS1381: Unexpected token. Did you mean `{'}'}` or `&rbrace;`?
components/IpdDashboard.tsx(3354,61): error TS1382: Unexpected token. Did you mean `{'>'}` or `&gt;`?
components/IpdDashboard.tsx(3355,5): error TS1109: Expression expected.
components/IpdDashboard.tsx(3357,9): error TS1005: '}' expected.
components/IpdDashboard.tsx(3362,5): error TS1381: Unexpected token. Did you mean `{'}'}` or `&rbrace;`?
components/IpdDashboard.tsx(3364,54): error TS1382: Unexpected token. Did you mean `{'>'}` or `&gt;`?
components/IpdDashboard.tsx(3366,14): error TS1005: '}' expected.
components/IpdDashboard.tsx(3368,5): error TS1381: Unexpected token. Did you mean `{'}'}` or `&rbrace;`?
components/IpdDashboard.tsx(3371,3): error TS1381: Unexpected token. Did you mean `{'}'}` or `&rbrace;`?
components/IpdDashboard.tsx(3373,44): error TS1382: Unexpected token. Did you mean `{'>'}` or `&gt;`?
components/IpdDashboard.tsx(3374,5): error TS1109: Expression expected.
components/IpdDashboard.tsx(3375,7): error TS1109: Expression expected.
components/IpdDashboard.tsx(3376,14): error TS1382: Unexpected token. Did you mean `{'>'}` or `&gt;`?
components/IpdDashboard.tsx(3379,19): error TS1382: Unexpected token. Did you mean `{'>'}` or `&gt;`?
components/IpdDashboard.tsx(3383,16): error TS1005: '}' expected.
components/IpdDashboard.tsx(3385,7): error TS1381: Unexpected token. Did you mean `{'}'}` or `&rbrace;`?
components/IpdDashboard.tsx(3386,5): error TS1381: Unexpected token. Did you mean `{'}'}` or `&rbrace;`?
components/IpdDashboard.tsx(3387,3): error TS1381: Unexpected token. Did you mean `{'}'}` or `&rbrace;`?
components/IpdDashboard.tsx(3393,6): error TS1382: Unexpected token. Did you mean `{'>'}` or `&gt;`?
components/IpdDashboard.tsx(3394,5): error TS1109: Expression expected.
components/IpdDashboard.tsx(3394,69): error TS1382: Unexpected token. Did you mean `{'>'}` or `&gt;`?
components/IpdDashboard.tsx(3395,36): error TS1005: '}' expected.
components/IpdDashboard.tsx(3395,44): error TS1381: Unexpected token. Did you mean `{'}'}` or `&rbrace;`?
components/IpdDashboard.tsx(3398,17): error TS1382: Unexpected token. Did you mean `{'>'}` or `&gt;`?
components/IpdDashboard.tsx(3402,14): error TS1005: '}' expected.
components/IpdDashboard.tsx(3404,5): error TS1381: Unexpected token. Did you mean `{'}'}` or `&rbrace;`?
components/IpdDashboard.tsx(3405,3): error TS1381: Unexpected token. Did you mean `{'}'}` or `&rbrace;`?
components/IpdDashboard.tsx(3407,33): error TS1382: Unexpected token. Did you mean `{'>'}` or `&gt;`?
components/IpdDashboard.tsx(3408,5): error TS1109: Expression expected.
components/IpdDashboard.tsx(3415,3): error TS1381: Unexpected token. Did you mean `{'}'}` or `&rbrace;`?
components/IpdDashboard.tsx(3417,78): error TS1382: Unexpected token. Did you mean `{'>'}` or `&gt;`?
components/IpdDashboard.tsx(3418,5): error TS1109: Expression expected.
components/IpdDashboard.tsx(3419,48): error TS1382: Unexpected token. Did you mean `{'>'}` or `&gt;`?
components/IpdDashboard.tsx(3421,3): error TS1381: Unexpected token. Did you mean `{'}'}` or `&rbrace;`?
components/IpdDashboard.tsx(3424,15): error TS1382: Unexpected token. Did you mean `{'>'}` or `&gt;`?
components/IpdDashboard.tsx(3428,31): error TS1382: Unexpected token. Did you mean `{'>'}` or `&gt;`?
components/IpdDashboard.tsx(3429,5): error TS1109: Expression expected.
components/IpdDashboard.tsx(3433,35): error TS1005: '}' expected.
components/IpdDashboard.tsx(3433,64): error TS1381: Unexpected token. Did you mean `{'}'}` or `&rbrace;`?
components/IpdDashboard.tsx(3434,31): error TS1005: '}' expected.
components/IpdDashboard.tsx(3434,91): error TS1381: Unexpected token. Did you mean `{'}'}` or `&rbrace;`?
components/IpdDashboard.tsx(3435,32): error TS1005: '}' expected.
components/IpdDashboard.tsx(3435,82): error TS1381: Unexpected token. Did you mean `{'}'}` or `&rbrace;`?
components/IpdDashboard.tsx(3436,41): error TS1005: '}' expected.
components/IpdDashboard.tsx(3436,50): error TS1381: Unexpected token. Did you mean `{'}'}` or `&rbrace;`?
components/IpdDashboard.tsx(3456,3): error TS1381: Unexpected token. Did you mean `{'}'}` or `&rbrace;`?
components/IpdDashboard.tsx(3458,34): error TS1382: Unexpected token. Did you mean `{'>'}` or `&gt;`?
components/IpdDashboard.tsx(3459,5): error TS1109: Expression expected.
components/IpdDashboard.tsx(3463,35): error TS1005: '}' expected.
components/IpdDashboard.tsx(3463,64): error TS1381: Unexpected token. Did you mean `{'}'}` or `&rbrace;`?
components/IpdDashboard.tsx(3464,37): error TS1005: '}' expected.
components/IpdDashboard.tsx(3464,121): error TS1381: Unexpected token. Did you mean `{'}'}` or `&rbrace;`?
components/IpdDashboard.tsx(3465,38): error TS1005: '}' expected.
components/IpdDashboard.tsx(3465,64): error TS1381: Unexpected token. Did you mean `{'}'}` or `&rbrace;`?
components/IpdDashboard.tsx(3483,3): error TS1381: Unexpected token. Did you mean `{'}'}` or `&rbrace;`?
components/IpdDashboard.tsx(3691,1): error TS1381: Unexpected token. Did you mean `{'}'}` or `&rbrace;`?
components/IpdDashboard.tsx(3694,1): error TS1005: '</' expected.
